2026-03-24 00:15:16 | INFO     | quant_system | 系统启动
2026-03-24 00:15:16 | INFO     | quant_system | 配置加载完成
2026-03-24 00:15:16 | INFO     | quant_system | 数据库初始化完成
2026-03-24 00:15:16 | INFO     | quant_system | P0优化模块初始化完成
2026-03-24 00:15:16 | INFO     | quant_system | 所有模块初始化完成
2026-03-24 00:15:16 | INFO     | quant_system | 系统初始化完成
2026-03-24 00:16:02 | INFO     | quant_system | 系统退出
2026-03-24 00:26:56 | INFO     | quant_system | 系统启动
2026-03-24 00:26:56 | INFO     | quant_system | 配置加载完成
2026-03-24 00:26:56 | INFO     | quant_system | 数据库初始化完成
2026-03-24 00:26:56 | INFO     | quant_system | P0优化模块初始化完成
2026-03-24 00:26:56 | INFO     | quant_system | 所有模块初始化完成
2026-03-24 00:26:56 | INFO     | quant_system | 系统初始化完成
2026-03-24 00:28:26 | INFO     | quant_system | 系统启动
2026-03-24 00:28:26 | INFO     | quant_system | 配置加载完成
2026-03-24 00:28:26 | INFO     | quant_system | 数据库初始化完成
2026-03-24 00:28:26 | INFO     | quant_system | P0优化模块初始化完成
2026-03-24 00:28:26 | INFO     | quant_system | 所有模块初始化完成
2026-03-24 00:28:26 | INFO     | quant_system | 系统初始化完成
2026-03-24 00:28:51 | INFO     | quant_system | 系统启动
2026-03-24 00:28:51 | INFO     | quant_system | 配置加载完成
2026-03-24 00:28:51 | INFO     | quant_system | 数据库初始化完成
2026-03-24 00:28:51 | INFO     | quant_system | P0优化模块初始化完成
2026-03-24 00:28:51 | INFO     | quant_system | 所有模块初始化完成
2026-03-24 00:28:51 | INFO     | quant_system | 系统初始化完成
2026-03-24 00:33:36 | INFO     | quant_system | 系统启动
2026-03-24 00:33:36 | INFO     | quant_system | 配置加载完成
2026-03-24 00:33:37 | INFO     | quant_system | 数据库初始化完成
2026-03-24 00:33:37 | INFO     | quant_system | P0优化模块初始化完成
2026-03-24 00:33:37 | INFO     | quant_system | 所有模块初始化完成
2026-03-24 00:33:37 | INFO     | quant_system | 系统初始化完成
2026-03-24 00:38:05 | INFO     | quant_system | 系统退出
2026-03-24 00:41:47 | INFO     | quant_system | 系统启动
2026-03-24 00:41:47 | INFO     | quant_system | 配置加载完成
2026-03-24 00:41:47 | INFO     | quant_system | 数据库初始化完成
2026-03-24 00:41:48 | INFO     | quant_system | P0优化模块初始化完成
2026-03-24 00:41:48 | INFO     | quant_system | 所有模块初始化完成
2026-03-24 00:41:48 | INFO     | quant_system | 系统初始化完成
2026-03-24 00:50:24 | INFO     | quant_system | 系统退出
2026-03-24 01:39:22 | INFO     | quant_system | 系统启动
2026-03-24 01:39:22 | INFO     | quant_system | 配置加载完成
2026-03-24 01:39:22 | INFO     | quant_system | 数据库初始化完成
2026-03-24 01:39:22 | INFO     | quant_system | P0优化模块初始化完成
2026-03-24 01:39:22 | INFO     | quant_system | 所有模块初始化完成
2026-03-24 01:39:22 | INFO     | quant_system | 系统初始化完成
2026-03-24 01:43:42 | INFO     | quant_system | 系统启动
2026-03-24 01:43:42 | INFO     | quant_system | 配置加载完成
2026-03-24 01:43:42 | INFO     | quant_system | 数据库初始化完成
2026-03-24 01:43:42 | INFO     | quant_system | P0优化模块初始化完成
2026-03-24 01:43:42 | INFO     | quant_system | 所有模块初始化完成
2026-03-24 01:43:42 | INFO     | quant_system | 系统初始化完成
2026-03-24 01:56:34 | INFO     | quant_system | 系统退出
2026-03-24 14:33:00 | INFO     | quant_system | 系统启动
2026-03-24 14:33:00 | INFO     | quant_system | 配置加载完成
2026-03-24 14:33:00 | INFO     | quant_system | 数据库初始化完成
2026-03-24 14:33:00 | INFO     | quant_system | P0优化模块初始化完成
2026-03-24 14:33:00 | INFO     | quant_system | 所有模块初始化完成
2026-03-24 14:33:00 | INFO     | quant_system | 系统初始化完成
