2026-03-21 00:10:00 | INFO     | quant_system | 系统启动
2026-03-21 00:10:00 | INFO     | quant_system | 配置加载完成
2026-03-21 00:10:00 | INFO     | quant_system | 数据库初始化完成
2026-03-21 00:10:00 | INFO     | quant_system | 所有模块初始化完成
2026-03-21 00:10:00 | INFO     | quant_system | 系统初始化完成
2026-03-21 00:14:06 | INFO     | quant_system | 系统退出
2026-03-21 00:14:41 | INFO     | quant_system | 系统启动
2026-03-21 00:14:41 | INFO     | quant_system | 配置加载完成
2026-03-21 00:14:41 | INFO     | quant_system | 数据库初始化完成
2026-03-21 00:14:41 | INFO     | quant_system | 所有模块初始化完成
2026-03-21 00:14:41 | INFO     | quant_system | 系统初始化完成
2026-03-21 00:16:24 | INFO     | quant_system | 系统退出
2026-03-21 00:47:18 | INFO     | quant_system | 系统启动
2026-03-21 00:47:18 | INFO     | quant_system | 配置加载完成
2026-03-21 00:47:18 | INFO     | quant_system | 数据库初始化完成
2026-03-21 00:47:18 | INFO     | quant_system | 所有模块初始化完成
2026-03-21 00:47:18 | INFO     | quant_system | 系统初始化完成
2026-03-21 00:54:08 | INFO     | quant_system | 系统退出
2026-03-21 00:55:07 | INFO     | quant_system | 系统启动
2026-03-21 00:55:07 | INFO     | quant_system | 配置加载完成
2026-03-21 00:55:07 | INFO     | quant_system | 数据库初始化完成
2026-03-21 00:55:07 | INFO     | quant_system | 所有模块初始化完成
2026-03-21 00:55:07 | INFO     | quant_system | 系统初始化完成
2026-03-21 00:57:34 | INFO     | quant_system | 系统启动
2026-03-21 00:57:34 | INFO     | quant_system | 配置加载完成
2026-03-21 00:57:34 | INFO     | quant_system | 数据库初始化完成
2026-03-21 00:57:34 | INFO     | quant_system | 所有模块初始化完成
2026-03-21 00:57:34 | INFO     | quant_system | 系统初始化完成
2026-03-21 01:04:02 | INFO     | quant_system | 系统退出
2026-03-21 01:04:13 | INFO     | quant_system | 系统启动
2026-03-21 01:04:13 | INFO     | quant_system | 配置加载完成
2026-03-21 01:04:13 | INFO     | quant_system | 数据库初始化完成
2026-03-21 01:04:13 | INFO     | quant_system | 所有模块初始化完成
2026-03-21 01:04:13 | INFO     | quant_system | 系统初始化完成
2026-03-21 01:07:31 | INFO     | quant_system | 系统启动
2026-03-21 01:07:31 | INFO     | quant_system | 配置加载完成
2026-03-21 01:07:31 | INFO     | quant_system | 数据库初始化完成
2026-03-21 01:07:31 | INFO     | quant_system | 所有模块初始化完成
2026-03-21 01:07:31 | INFO     | quant_system | 系统初始化完成
2026-03-21 01:17:53 | INFO     | quant_system | 系统启动
2026-03-21 01:17:53 | INFO     | quant_system | 配置加载完成
2026-03-21 01:17:53 | INFO     | quant_system | 数据库初始化完成
2026-03-21 01:17:53 | INFO     | quant_system | 所有模块初始化完成
2026-03-21 01:17:53 | INFO     | quant_system | 系统初始化完成
2026-03-21 01:26:30 | INFO     | quant_system | 系统退出
2026-03-21 01:26:45 | INFO     | quant_system | 系统启动
2026-03-21 01:26:45 | INFO     | quant_system | 配置加载完成
2026-03-21 01:26:45 | INFO     | quant_system | 数据库初始化完成
2026-03-21 01:26:45 | INFO     | quant_system | 所有模块初始化完成
2026-03-21 01:26:45 | INFO     | quant_system | 系统初始化完成
2026-03-21 01:27:32 | INFO     | quant_system | 系统退出
2026-03-21 11:31:57 | INFO     | quant_system | 系统启动
2026-03-21 11:31:57 | INFO     | quant_system | 配置加载完成
2026-03-21 11:31:57 | INFO     | quant_system | 数据库初始化完成
2026-03-21 11:31:57 | INFO     | quant_system | 所有模块初始化完成
2026-03-21 11:31:57 | INFO     | quant_system | 系统初始化完成
2026-03-21 19:19:06 | INFO     | quant_system | 系统退出
2026-03-21 19:19:18 | INFO     | quant_system | 系统启动
2026-03-21 19:19:18 | INFO     | quant_system | 配置加载完成
2026-03-21 19:19:18 | INFO     | quant_system | 数据库初始化完成
2026-03-21 19:19:18 | INFO     | quant_system | 所有模块初始化完成
2026-03-21 19:19:18 | INFO     | quant_system | 系统初始化完成
2026-03-21 19:26:52 | INFO     | quant_system | 系统退出
2026-03-21 19:27:02 | INFO     | quant_system | 系统启动
2026-03-21 19:27:02 | INFO     | quant_system | 配置加载完成
2026-03-21 19:27:02 | INFO     | quant_system | 数据库初始化完成
2026-03-21 19:27:02 | INFO     | quant_system | 所有模块初始化完成
2026-03-21 19:27:02 | INFO     | quant_system | 系统初始化完成
2026-03-21 19:27:21 | INFO     | quant_system | 系统退出
2026-03-21 19:27:35 | INFO     | quant_system | 系统启动
2026-03-21 19:27:35 | INFO     | quant_system | 配置加载完成
2026-03-21 19:27:35 | INFO     | quant_system | 数据库初始化完成
2026-03-21 19:27:35 | INFO     | quant_system | 所有模块初始化完成
2026-03-21 19:27:35 | INFO     | quant_system | 系统初始化完成
2026-03-21 19:27:51 | INFO     | quant_system | 系统退出
2026-03-21 19:29:14 | INFO     | quant_system | 系统启动
2026-03-21 19:29:14 | INFO     | quant_system | 配置加载完成
2026-03-21 19:29:14 | INFO     | quant_system | 数据库初始化完成
2026-03-21 19:29:14 | INFO     | quant_system | 所有模块初始化完成
2026-03-21 19:29:14 | INFO     | quant_system | 系统初始化完成
2026-03-21 19:29:52 | INFO     | quant_system | 系统退出
2026-03-21 19:30:04 | INFO     | quant_system | 系统启动
2026-03-21 19:30:04 | INFO     | quant_system | 配置加载完成
2026-03-21 19:30:04 | INFO     | quant_system | 数据库初始化完成
2026-03-21 19:30:04 | INFO     | quant_system | 所有模块初始化完成
2026-03-21 19:30:04 | INFO     | quant_system | 系统初始化完成
2026-03-21 19:33:14 | INFO     | quant_system | 系统退出
2026-03-21 19:38:11 | INFO     | quant_system | 系统启动
2026-03-21 19:38:11 | INFO     | quant_system | 配置加载完成
2026-03-21 19:38:11 | INFO     | quant_system | 数据库初始化完成
2026-03-21 19:38:11 | INFO     | quant_system | 所有模块初始化完成
2026-03-21 19:38:11 | INFO     | quant_system | 系统初始化完成
2026-03-21 19:46:57 | INFO     | quant_system | 系统退出
2026-03-21 20:01:18 | INFO     | quant_system | 系统启动
2026-03-21 20:01:18 | INFO     | quant_system | 配置加载完成
2026-03-21 20:01:18 | INFO     | quant_system | 数据库初始化完成
2026-03-21 20:01:18 | INFO     | quant_system | 所有模块初始化完成
2026-03-21 20:01:18 | INFO     | quant_system | 系统初始化完成
2026-03-21 20:10:00 | INFO     | quant_system | 系统退出
2026-03-21 20:33:23 | INFO     | quant_system | 系统启动
2026-03-21 20:33:23 | INFO     | quant_system | 配置加载完成
2026-03-21 20:33:23 | INFO     | quant_system | 数据库初始化完成
2026-03-21 20:33:23 | INFO     | quant_system | 所有模块初始化完成
2026-03-21 20:33:23 | INFO     | quant_system | 系统初始化完成
2026-03-21 20:55:56 | INFO     | quant_system | 系统退出
