2026-03-23 01:02:47 | INFO     | quant_system | 系统启动
2026-03-23 01:02:47 | INFO     | quant_system | 配置加载完成
2026-03-23 01:02:47 | INFO     | quant_system | 数据库初始化完成
2026-03-23 01:02:47 | INFO     | quant_system | 所有模块初始化完成
2026-03-23 01:02:47 | INFO     | quant_system | 系统初始化完成
2026-03-23 01:03:14 | INFO     | quant_system | 系统退出
2026-03-23 01:07:27 | INFO     | quant_system | 系统启动
2026-03-23 01:07:27 | INFO     | quant_system | 配置加载完成
2026-03-23 01:07:27 | INFO     | quant_system | 数据库初始化完成
2026-03-23 01:07:27 | INFO     | quant_system | 所有模块初始化完成
2026-03-23 01:07:27 | INFO     | quant_system | 系统初始化完成
2026-03-23 01:14:02 | INFO     | quant_system | 系统退出
2026-03-23 16:09:55 | INFO     | quant_system | 系统启动
2026-03-23 16:09:55 | INFO     | quant_system | 配置加载完成
2026-03-23 16:09:55 | INFO     | quant_system | 数据库初始化完成
2026-03-23 16:09:55 | INFO     | quant_system | 所有模块初始化完成
2026-03-23 16:09:55 | INFO     | quant_system | 系统初始化完成
2026-03-23 16:21:11 | INFO     | quant_system | 系统退出
2026-03-23 18:21:52 | INFO     | quant_system | 系统启动
2026-03-23 18:21:52 | INFO     | quant_system | 配置加载完成
2026-03-23 18:21:52 | INFO     | quant_system | 数据库初始化完成
2026-03-23 18:21:52 | INFO     | quant_system | 所有模块初始化完成
2026-03-23 18:21:52 | INFO     | quant_system | 系统初始化完成
2026-03-23 18:24:55 | INFO     | quant_system | 系统退出
2026-03-23 18:45:55 | INFO     | quant_system | 系统启动
2026-03-23 18:45:55 | INFO     | quant_system | 配置加载完成
2026-03-23 18:45:55 | INFO     | quant_system | 数据库初始化完成
2026-03-23 18:45:56 | INFO     | quant_system | P0优化模块初始化完成
2026-03-23 18:45:56 | INFO     | quant_system | 所有模块初始化完成
2026-03-23 18:45:56 | INFO     | quant_system | 系统初始化完成
2026-03-23 18:54:31 | INFO     | quant_system | 系统退出
2026-03-23 18:55:27 | INFO     | quant_system | 系统启动
2026-03-23 18:55:27 | INFO     | quant_system | 配置加载完成
2026-03-23 18:55:27 | INFO     | quant_system | 数据库初始化完成
2026-03-23 18:55:27 | INFO     | quant_system | P0优化模块初始化完成
2026-03-23 18:55:27 | INFO     | quant_system | 所有模块初始化完成
2026-03-23 18:55:27 | INFO     | quant_system | 系统初始化完成
2026-03-23 18:59:39 | INFO     | quant_system | 系统退出
2026-03-23 19:32:19 | INFO     | quant_system | 系统启动
2026-03-23 19:32:19 | INFO     | quant_system | 配置加载完成
2026-03-23 19:32:19 | INFO     | quant_system | 数据库初始化完成
2026-03-23 19:32:19 | INFO     | quant_system | P0优化模块初始化完成
2026-03-23 19:32:19 | INFO     | quant_system | 所有模块初始化完成
2026-03-23 19:32:19 | INFO     | quant_system | 系统初始化完成
2026-03-23 19:55:18 | INFO     | quant_system | 系统退出
2026-03-23 20:10:42 | INFO     | quant_system | 系统启动
2026-03-23 20:10:42 | INFO     | quant_system | 配置加载完成
2026-03-23 20:10:42 | INFO     | quant_system | 数据库初始化完成
2026-03-23 20:10:42 | INFO     | quant_system | P0优化模块初始化完成
2026-03-23 20:10:42 | INFO     | quant_system | 所有模块初始化完成
2026-03-23 20:10:42 | INFO     | quant_system | 系统初始化完成
2026-03-23 20:18:14 | INFO     | quant_system | 系统退出
2026-03-23 20:18:26 | INFO     | quant_system | 系统启动
2026-03-23 20:18:26 | INFO     | quant_system | 配置加载完成
2026-03-23 20:18:26 | INFO     | quant_system | 数据库初始化完成
2026-03-23 20:18:26 | INFO     | quant_system | P0优化模块初始化完成
2026-03-23 20:18:26 | INFO     | quant_system | 所有模块初始化完成
2026-03-23 20:18:26 | INFO     | quant_system | 系统初始化完成
2026-03-23 20:42:14 | INFO     | quant_system | 系统启动
2026-03-23 20:42:14 | INFO     | quant_system | 配置加载完成
2026-03-23 20:42:14 | INFO     | quant_system | 数据库初始化完成
2026-03-23 20:42:14 | INFO     | quant_system | P0优化模块初始化完成
2026-03-23 20:42:14 | INFO     | quant_system | 所有模块初始化完成
2026-03-23 20:42:14 | INFO     | quant_system | 系统初始化完成
2026-03-23 20:43:49 | INFO     | quant_system | 系统退出
2026-03-23 21:33:03 | INFO     | quant_system | 系统启动
2026-03-23 21:33:03 | INFO     | quant_system | 配置加载完成
2026-03-23 21:33:03 | INFO     | quant_system | 数据库初始化完成
2026-03-23 21:33:03 | INFO     | quant_system | P0优化模块初始化完成
2026-03-23 21:33:03 | INFO     | quant_system | 所有模块初始化完成
2026-03-23 21:33:03 | INFO     | quant_system | 系统初始化完成
2026-03-23 21:49:22 | INFO     | quant_system | 系统退出
2026-03-23 22:25:21 | INFO     | quant_system | 系统启动
2026-03-23 22:25:21 | INFO     | quant_system | 配置加载完成
2026-03-23 22:25:21 | INFO     | quant_system | 数据库初始化完成
2026-03-23 22:25:21 | INFO     | quant_system | P0优化模块初始化完成
2026-03-23 22:25:21 | INFO     | quant_system | 所有模块初始化完成
2026-03-23 22:25:21 | INFO     | quant_system | 系统初始化完成
2026-03-23 22:57:00 | INFO     | quant_system | 系统退出
2026-03-23 23:09:50 | INFO     | quant_system | 系统启动
2026-03-23 23:09:50 | INFO     | quant_system | 配置加载完成
2026-03-23 23:09:50 | INFO     | quant_system | 数据库初始化完成
2026-03-23 23:09:50 | INFO     | quant_system | P0优化模块初始化完成
2026-03-23 23:09:50 | INFO     | quant_system | 所有模块初始化完成
2026-03-23 23:09:50 | INFO     | quant_system | 系统初始化完成
2026-03-23 23:10:50 | INFO     | quant_system | 系统退出
